// Vitest Snapshot v1, https://vitest.dev/guide/snapshot.html

exports[`GraphDAG expression translation > should translate chromium DAG 1`] = `
"┌────────┐                     
│weblayer│                     
└┬─┬─┬───┘                     
 │ │┌▽────────────────────────┐
 │ ││chrome                   │
 │ │└┬─────┬─────────────────┬┘
 │┌▽─▽────┐│                 │ 
 ││content││                 │ 
 │└┬─┬─┬──┘│                 │ 
 │ │ │┌▽───▽──────────────┐  │ 
 │ │ ││blink              │  │ 
 │ │ │└┬──┬───┬─┬───┬───┬─┘  │ 
 │ │┌▽─▽┐┌▽──┐│┌▽─┐┌▽─┐┌▽───┐│ 
 │ ││net││WTF│││v8││CC││skia││ 
 │ │└┬──┘└┬──┘│└──┘└──┘└────┘│ 
┌▽─▽─▽────▽───▽──────────────▽┐
│base                         │
└─────────────────────────────┘
"
`;

exports[`GraphDAG expression translation > should translate clothes DAG 1`] = `
"┌─────┐┌─────────┐┌─────┐     
│socks││underwear││shirt│     
└┬────┘└┬─┬──────┘└┬─┬──┘     
 │      │┌▽─────┐  │┌▽───────┐
 │      ││pants │  ││tie     │
 │      │└┬──┬──┘  │└┬───────┘
┌▽──────▽─▽┐┌▽─────▽┐│        
│shoes     ││belt   ││        
└──────────┘└┬──────┘│        
┌────────────▽───────▽┐       
│jacket               │       
└─────────────────────┘       
"
`;

exports[`GraphDAG expression translation > should translate compilation DAG 1`] = `
"┌───────────────────────────────┐             
│random                         │             
└┬─────────────┬─────────────┬─┬┘             
┌▽───────────┐┌▽────────────┐│┌▽─────────────┐
│distribution││seed_sequence│││nonsecure_base│
└┬───────────┘└┬───┬───────┬┘│└┬┬────────────┘
 │             │  ┌│───────│─│─│┘             
 │ ┌───────────┘  ││       │ │┌┘              
 │ │┌─────────────▽▽┐┌─────▽─▽▽┐              
 │ ││salted_seed_seq││pool_urbg│              
 │ │└┬──────────────┘└┬────────┘              
 │┌▽─▽────────────────▽┐                      
 ││seed_material       │                      
 │└┬───────────────────┘                      
┌▽─▽────┐                                     
│strings│                                     
└───────┘                                     
"
`;
