// Vitest Snapshot v1, https://vitest.dev/guide/snapshot.html

exports[`Tree expression translation > With options {"style":"ASCII 1"} > should translate a simple tree 1`] = `
"Linux
 +-Android
 +-Debian
 |   +-Ubuntu
 |   |   +-Lubuntu
 |   |   +-Kubuntu
 |   |   +-Xubuntu
 |   |   \`-Xubuntu
 |   \`-Mint
 +-Centos
 \`-Fedora
"
`;

exports[`Tree expression translation > With options {"style":"ASCII 2"} > should translate a simple tree 1`] = `
"Linux
 +--Android
 +--Debian
 |   +--Ubuntu
 |   |   +--Lubuntu
 |   |   +--Kubuntu
 |   |   +--Xubuntu
 |   |   \`--Xubuntu
 |   \`--Mint
 +--Centos
 \`--Fedora
"
`;

exports[`Tree expression translation > With options {"style":"ASCII 3"} > should translate a simple tree 1`] = `
"Linux
 |--Android
 |--Debian
 |   |--Ubuntu
 |   |   |--Lubuntu
 |   |   |--Kubuntu
 |   |   |--Xubuntu
 |   |   \`--Xubuntu
 |   \`--Mint
 |--Centos
 \`--Fedora
"
`;

exports[`Tree expression translation > With options {"style":"Unicode 2"} > should translate a simple tree 1`] = `
"Linux
 ├──Android
 ├──Debian
 │   ├──Ubuntu
 │   │   ├──Lubuntu
 │   │   ├──Kubuntu
 │   │   ├──Xubuntu
 │   │   └──Xubuntu
 │   └──Mint
 ├──Centos
 └──Fedora
"
`;

exports[`Tree expression translation > With options {"style":"Unicode right bottom"} > should translate a simple tree 1`] = `
"Linux
 ├──Android
 ├──Debian
 │   ├──Ubuntu
 │   │   ├──Lubuntu
 │   │   ├──Kubuntu
 │   │   ├──Xubuntu
 │   │   └──Xubuntu
 │   └──Mint
 ├──Centos
 └──Fedora
"
`;

exports[`Tree expression translation > With options {"style":"Unicode right center"} > should translate a simple tree 1`] = `
"Linux
 ├──Android
 ├──Debian
 │   ├──Ubuntu
 │   │   ├──Lubuntu
 │   │   ├──Kubuntu
 │   │   ├──Xubuntu
 │   │   └──Xubuntu
 │   └──Mint
 ├──Centos
 └──Fedora
"
`;

exports[`Tree expression translation > With options {"style":"Unicode right top"} > should translate a simple tree 1`] = `
"Linux
 ├──Android
 ├──Debian
 │   ├──Ubuntu
 │   │   ├──Lubuntu
 │   │   ├──Kubuntu
 │   │   ├──Xubuntu
 │   │   └──Xubuntu
 │   └──Mint
 ├──Centos
 └──Fedora
"
`;

exports[`Tree expression translation > With options {"style":"Unicode"} > should translate a simple tree 1`] = `
"Linux
 ├──Android
 ├──Debian
 │   ├──Ubuntu
 │   │   ├──Lubuntu
 │   │   ├──Kubuntu
 │   │   ├──Xubuntu
 │   │   └──Xubuntu
 │   └──Mint
 ├──Centos
 └──Fedora
"
`;
